// Jest Snapshot v1, https://goo.gl/fbAQLP

exports[`LoadingBar component testing LoadingBar 1`] = `
<DocumentFragment>
  <span
    class="sc-bdvvtL bkTPjh"
  />
</DocumentFragment>
`;
