// Jest Snapshot v1, https://goo.gl/fbAQLP

exports[`Spacer component testing Spacer 1`] = `
<DocumentFragment>
  <div
    class="sc-bdvvtL emSWjQ"
  />
</DocumentFragment>
`;
