// Jest Snapshot v1, https://goo.gl/fbAQLP

exports[`Typography component testing Typography 1`] = `
<DocumentFragment>
  <p
    class="sc-bdvvtL euPFjW"
    color="#041C33"
    font-size="14px"
  >
    text
  </p>
</DocumentFragment>
`;
