// Jest Snapshot v1, https://goo.gl/fbAQLP

exports[`SplitAnnotation component testing ActionButton 1`] = `
<DocumentFragment>
  <div
    class="sc-dkPtRN bRLTZu"
    display="flex"
  >
    <div
      class="sc-bdvvtL hpYmLY"
    />
    <hr
      class="sc-gsDKAQ bYTIay"
      color="#B3BAC1"
      orientation="vertical"
    />
    <div
      class="sc-bdvvtL hpYmLY"
    />
    <div
      class="sc-hKwDye dzkhKd"
    >
      Annnotation
    </div>
  </div>
</DocumentFragment>
`;
