// Jest Snapshot v1, https://goo.gl/fbAQLP

exports[`FullSizeConfirmModal component testing FullSizeConfirmModal 1`] = `
<DocumentFragment>
  <div
    class="sc-fnykZs dDCXYC"
  >
    <div
      class="sc-bjUoiL iQQjZl fade-transition-appear fade-transition-appear-active"
    >
      <div
        class="sc-fEOsli dQTjDb"
      />
    </div>
    <div
      class="sc-bjUoiL iQQjZl fade-transition-appear fade-transition-appear-active"
    >
      <div
        class="sc-gsnTZi sc-dkzDqf eLlhHs fwEujt"
      >
        <form>
          <div
            class="sc-hKMtZM koxoie"
          >
            <div
              class="sc-eCYdqJ ifFEiN"
            >
              <p
                class="sc-papXJ cnpSpc"
                color="#041C33"
                font-size="20px"
              >
                Title
              </p>
            </div>
            <div
              class="sc-iBkjds dNFTDc"
            >
              <span
                class="sc-jqUVSM eIEBka"
                size="24"
              >
                <svg
                  viewBox="0 0 24 24"
                  xmlns="http://www.w3.org/2000/svg"
                >
                  <rect
                    fill="#041C33"
                    height="23.141"
                    rx="2.571"
                    transform="translate(18.364 2) rotate(45)"
                    width="5.142"
                  />
                  <rect
                    fill="#041C33"
                    height="23.141"
                    rx="2.571"
                    transform="translate(2 5.636) rotate(-45)"
                    width="5.143"
                  />
                </svg>
              </span>
            </div>
          </div>
          <div
            class="sc-jSMfEi guNaib"
          >
            <div
              class="sc-kDDrLX gAJExr"
            />
          </div>
        </form>
      </div>
    </div>
  </div>
</DocumentFragment>
`;
