// Jest Snapshot v1, https://goo.gl/fbAQLP

exports[`Flex component testing Flex 1`] = `
<DocumentFragment>
  <div
    class="sc-bdvvtL etJKFp"
  />
</DocumentFragment>
`;
