// Jest Snapshot v1, https://goo.gl/fbAQLP

exports[`WeekTime component testing WeekTime 1`] = `
<DocumentFragment>
  <div
    class="sc-bczRLJ bvzRRH"
  >
    <div
      class="sc-gsnTZi sc-eCYdqJ guZhMt cKEPO"
    />
    <div
      class="sc-gsnTZi sc-hKMtZM guZhMt eoKgCV"
    >
      0
    </div>
    <div
      class="sc-gsnTZi sc-hKMtZM guZhMt eoKgCV"
    >
      1
    </div>
    <div
      class="sc-gsnTZi sc-hKMtZM guZhMt eoKgCV"
    >
      2
    </div>
    <div
      class="sc-gsnTZi sc-hKMtZM guZhMt eoKgCV"
    >
      3
    </div>
    <div
      class="sc-gsnTZi sc-hKMtZM guZhMt eoKgCV"
    >
      4
    </div>
    <div
      class="sc-gsnTZi sc-hKMtZM guZhMt eoKgCV"
    >
      5
    </div>
    <div
      class="sc-gsnTZi sc-hKMtZM guZhMt eoKgCV"
    >
      6
    </div>
    <div
      class="sc-gsnTZi sc-hKMtZM guZhMt eoKgCV"
    >
      7
    </div>
    <div
      class="sc-gsnTZi sc-hKMtZM guZhMt eoKgCV"
    >
      8
    </div>
    <div
      class="sc-gsnTZi sc-hKMtZM guZhMt eoKgCV"
    >
      9
    </div>
    <div
      class="sc-gsnTZi sc-hKMtZM guZhMt eoKgCV"
    >
      10
    </div>
    <div
      class="sc-gsnTZi sc-hKMtZM guZhMt eoKgCV"
    >
      11
    </div>
    <div
      class="sc-gsnTZi sc-hKMtZM guZhMt eoKgCV"
    >
      12
    </div>
    <div
      class="sc-gsnTZi sc-hKMtZM guZhMt eoKgCV"
    >
      13
    </div>
    <div
      class="sc-gsnTZi sc-hKMtZM guZhMt eoKgCV"
    >
      14
    </div>
    <div
      class="sc-gsnTZi sc-hKMtZM guZhMt eoKgCV"
    >
      15
    </div>
    <div
      class="sc-gsnTZi sc-hKMtZM guZhMt eoKgCV"
    >
      16
    </div>
    <div
      class="sc-gsnTZi sc-hKMtZM guZhMt eoKgCV"
    >
      17
    </div>
    <div
      class="sc-gsnTZi sc-hKMtZM guZhMt eoKgCV"
    >
      18
    </div>
    <div
      class="sc-gsnTZi sc-hKMtZM guZhMt eoKgCV"
    >
      19
    </div>
    <div
      class="sc-gsnTZi sc-hKMtZM guZhMt eoKgCV"
    >
      20
    </div>
    <div
      class="sc-gsnTZi sc-hKMtZM guZhMt eoKgCV"
    >
      21
    </div>
    <div
      class="sc-gsnTZi sc-hKMtZM guZhMt eoKgCV"
    >
      22
    </div>
    <div
      class="sc-gsnTZi sc-hKMtZM guZhMt eoKgCV"
    >
      23
    </div>
    <div
      class="sc-gsnTZi sc-dkzDqf guZhMt gWrkHL"
    >
      Sun
    </div>
    <span
      class="sc-jSMfEi dnQWRT"
    />
    <span
      class="sc-jSMfEi dnQWRT"
    />
    <span
      class="sc-jSMfEi dnQWRT"
    />
    <span
      class="sc-jSMfEi dnQWRT"
    />
    <span
      class="sc-jSMfEi dnQWRT"
    />
    <span
      class="sc-jSMfEi dnQWRT"
    />
    <span
      class="sc-jSMfEi dnQWRT"
    />
    <span
      class="sc-jSMfEi dnQWRT"
    />
    <span
      class="sc-jSMfEi dnQWRT"
    />
    <span
      class="sc-jSMfEi dnQWRT"
    />
    <span
      class="sc-jSMfEi dnQWRT"
    />
    <span
      class="sc-jSMfEi dnQWRT"
    />
    <span
      class="sc-jSMfEi dnQWRT"
    />
    <span
      class="sc-jSMfEi dnQWRT"
    />
    <span
      class="sc-jSMfEi dnQWRT"
    />
    <span
      class="sc-jSMfEi dnQWRT"
    />
    <span
      class="sc-jSMfEi dnQWRT"
    />
    <span
      class="sc-jSMfEi dnQWRT"
    />
    <span
      class="sc-jSMfEi dnQWRT"
    />
    <span
      class="sc-jSMfEi dnQWRT"
    />
    <span
      class="sc-jSMfEi dnQWRT"
    />
    <span
      class="sc-jSMfEi dnQWRT"
    />
    <span
      class="sc-jSMfEi dnQWRT"
    />
    <span
      class="sc-jSMfEi dnQWRT"
    />
    <div
      class="sc-gsnTZi sc-dkzDqf guZhMt gWrkHL"
    >
      Mon
    </div>
    <span
      class="sc-jSMfEi dnQWRT"
    />
    <span
      class="sc-jSMfEi dnQWRT"
    />
    <span
      class="sc-jSMfEi dnQWRT"
    />
    <span
      class="sc-jSMfEi dnQWRT"
    />
    <span
      class="sc-jSMfEi dnQWRT"
    />
    <span
      class="sc-jSMfEi dnQWRT"
    />
    <span
      class="sc-jSMfEi dnQWRT"
    />
    <span
      class="sc-jSMfEi dnQWRT"
    />
    <span
      class="sc-jSMfEi dnQWRT"
    />
    <span
      class="sc-jSMfEi dnQWRT"
    />
    <span
      class="sc-jSMfEi dnQWRT"
    />
    <span
      class="sc-jSMfEi dnQWRT"
    />
    <span
      class="sc-jSMfEi dnQWRT"
    />
    <span
      class="sc-jSMfEi dnQWRT"
    />
    <span
      class="sc-jSMfEi dnQWRT"
    />
    <span
      class="sc-jSMfEi dnQWRT"
    />
    <span
      class="sc-jSMfEi dnQWRT"
    />
    <span
      class="sc-jSMfEi dnQWRT"
    />
    <span
      class="sc-jSMfEi dnQWRT"
    />
    <span
      class="sc-jSMfEi dnQWRT"
    />
    <span
      class="sc-jSMfEi dnQWRT"
    />
    <span
      class="sc-jSMfEi dnQWRT"
    />
    <span
      class="sc-jSMfEi dnQWRT"
    />
    <span
      class="sc-jSMfEi dnQWRT"
    />
    <div
      class="sc-gsnTZi sc-dkzDqf guZhMt gWrkHL"
    >
      Tue
    </div>
    <span
      class="sc-jSMfEi dnQWRT"
    />
    <span
      class="sc-jSMfEi dnQWRT"
    />
    <span
      class="sc-jSMfEi dnQWRT"
    />
    <span
      class="sc-jSMfEi dnQWRT"
    />
    <span
      class="sc-jSMfEi dnQWRT"
    />
    <span
      class="sc-jSMfEi dnQWRT"
    />
    <span
      class="sc-jSMfEi dnQWRT"
    />
    <span
      class="sc-jSMfEi dnQWRT"
    />
    <span
      class="sc-jSMfEi dnQWRT"
    />
    <span
      class="sc-jSMfEi dnQWRT"
    />
    <span
      class="sc-jSMfEi dnQWRT"
    />
    <span
      class="sc-jSMfEi dnQWRT"
    />
    <span
      class="sc-jSMfEi dnQWRT"
    />
    <span
      class="sc-jSMfEi dnQWRT"
    />
    <span
      class="sc-jSMfEi dnQWRT"
    />
    <span
      class="sc-jSMfEi dnQWRT"
    />
    <span
      class="sc-jSMfEi dnQWRT"
    />
    <span
      class="sc-jSMfEi dnQWRT"
    />
    <span
      class="sc-jSMfEi dnQWRT"
    />
    <span
      class="sc-jSMfEi dnQWRT"
    />
    <span
      class="sc-jSMfEi dnQWRT"
    />
    <span
      class="sc-jSMfEi dnQWRT"
    />
    <span
      class="sc-jSMfEi dnQWRT"
    />
    <span
      class="sc-jSMfEi dnQWRT"
    />
    <div
      class="sc-gsnTZi sc-dkzDqf guZhMt gWrkHL"
    >
      Wed
    </div>
    <span
      class="sc-jSMfEi dnQWRT"
    />
    <span
      class="sc-jSMfEi dnQWRT"
    />
    <span
      class="sc-jSMfEi dnQWRT"
    />
    <span
      class="sc-jSMfEi dnQWRT"
    />
    <span
      class="sc-jSMfEi dnQWRT"
    />
    <span
      class="sc-jSMfEi dnQWRT"
    />
    <span
      class="sc-jSMfEi dnQWRT"
    />
    <span
      class="sc-jSMfEi dnQWRT"
    />
    <span
      class="sc-jSMfEi dnQWRT"
    />
    <span
      class="sc-jSMfEi dnQWRT"
    />
    <span
      class="sc-jSMfEi dnQWRT"
    />
    <span
      class="sc-jSMfEi dnQWRT"
    />
    <span
      class="sc-jSMfEi dnQWRT"
    />
    <span
      class="sc-jSMfEi dnQWRT"
    />
    <span
      class="sc-jSMfEi dnQWRT"
    />
    <span
      class="sc-jSMfEi dnQWRT"
    />
    <span
      class="sc-jSMfEi dnQWRT"
    />
    <span
      class="sc-jSMfEi dnQWRT"
    />
    <span
      class="sc-jSMfEi dnQWRT"
    />
    <span
      class="sc-jSMfEi dnQWRT"
    />
    <span
      class="sc-jSMfEi dnQWRT"
    />
    <span
      class="sc-jSMfEi dnQWRT"
    />
    <span
      class="sc-jSMfEi dnQWRT"
    />
    <span
      class="sc-jSMfEi dnQWRT"
    />
    <div
      class="sc-gsnTZi sc-dkzDqf guZhMt gWrkHL"
    >
      Thu
    </div>
    <span
      class="sc-jSMfEi dnQWRT"
    />
    <span
      class="sc-jSMfEi dnQWRT"
    />
    <span
      class="sc-jSMfEi dnQWRT"
    />
    <span
      class="sc-jSMfEi dnQWRT"
    />
    <span
      class="sc-jSMfEi dnQWRT"
    />
    <span
      class="sc-jSMfEi dnQWRT"
    />
    <span
      class="sc-jSMfEi dnQWRT"
    />
    <span
      class="sc-jSMfEi dnQWRT"
    />
    <span
      class="sc-jSMfEi dnQWRT"
    />
    <span
      class="sc-jSMfEi dnQWRT"
    />
    <span
      class="sc-jSMfEi dnQWRT"
    />
    <span
      class="sc-jSMfEi dnQWRT"
    />
    <span
      class="sc-jSMfEi dnQWRT"
    />
    <span
      class="sc-jSMfEi dnQWRT"
    />
    <span
      class="sc-jSMfEi dnQWRT"
    />
    <span
      class="sc-jSMfEi dnQWRT"
    />
    <span
      class="sc-jSMfEi dnQWRT"
    />
    <span
      class="sc-jSMfEi dnQWRT"
    />
    <span
      class="sc-jSMfEi dnQWRT"
    />
    <span
      class="sc-jSMfEi dnQWRT"
    />
    <span
      class="sc-jSMfEi dnQWRT"
    />
    <span
      class="sc-jSMfEi dnQWRT"
    />
    <span
      class="sc-jSMfEi dnQWRT"
    />
    <span
      class="sc-jSMfEi dnQWRT"
    />
    <div
      class="sc-gsnTZi sc-dkzDqf guZhMt gWrkHL"
    >
      Fri
    </div>
    <span
      class="sc-jSMfEi dnQWRT"
    />
    <span
      class="sc-jSMfEi dnQWRT"
    />
    <span
      class="sc-jSMfEi dnQWRT"
    />
    <span
      class="sc-jSMfEi dnQWRT"
    />
    <span
      class="sc-jSMfEi dnQWRT"
    />
    <span
      class="sc-jSMfEi dnQWRT"
    />
    <span
      class="sc-jSMfEi dnQWRT"
    />
    <span
      class="sc-jSMfEi dnQWRT"
    />
    <span
      class="sc-jSMfEi dnQWRT"
    />
    <span
      class="sc-jSMfEi dnQWRT"
    />
    <span
      class="sc-jSMfEi dnQWRT"
    />
    <span
      class="sc-jSMfEi dnQWRT"
    />
    <span
      class="sc-jSMfEi dnQWRT"
    />
    <span
      class="sc-jSMfEi dnQWRT"
    />
    <span
      class="sc-jSMfEi dnQWRT"
    />
    <span
      class="sc-jSMfEi dnQWRT"
    />
    <span
      class="sc-jSMfEi dnQWRT"
    />
    <span
      class="sc-jSMfEi dnQWRT"
    />
    <span
      class="sc-jSMfEi dnQWRT"
    />
    <span
      class="sc-jSMfEi dnQWRT"
    />
    <span
      class="sc-jSMfEi dnQWRT"
    />
    <span
      class="sc-jSMfEi dnQWRT"
    />
    <span
      class="sc-jSMfEi dnQWRT"
    />
    <span
      class="sc-jSMfEi dnQWRT"
    />
    <div
      class="sc-gsnTZi sc-dkzDqf guZhMt gWrkHL"
    >
      Sat
    </div>
    <span
      class="sc-jSMfEi dnQWRT"
    />
    <span
      class="sc-jSMfEi dnQWRT"
    />
    <span
      class="sc-jSMfEi dnQWRT"
    />
    <span
      class="sc-jSMfEi dnQWRT"
    />
    <span
      class="sc-jSMfEi dnQWRT"
    />
    <span
      class="sc-jSMfEi dnQWRT"
    />
    <span
      class="sc-jSMfEi dnQWRT"
    />
    <span
      class="sc-jSMfEi dnQWRT"
    />
    <span
      class="sc-jSMfEi dnQWRT"
    />
    <span
      class="sc-jSMfEi dnQWRT"
    />
    <span
      class="sc-jSMfEi dnQWRT"
    />
    <span
      class="sc-jSMfEi dnQWRT"
    />
    <span
      class="sc-jSMfEi dnQWRT"
    />
    <span
      class="sc-jSMfEi dnQWRT"
    />
    <span
      class="sc-jSMfEi dnQWRT"
    />
    <span
      class="sc-jSMfEi dnQWRT"
    />
    <span
      class="sc-jSMfEi dnQWRT"
    />
    <span
      class="sc-jSMfEi dnQWRT"
    />
    <span
      class="sc-jSMfEi dnQWRT"
    />
    <span
      class="sc-jSMfEi dnQWRT"
    />
    <span
      class="sc-jSMfEi dnQWRT"
    />
    <span
      class="sc-jSMfEi dnQWRT"
    />
    <span
      class="sc-jSMfEi dnQWRT"
    />
    <span
      class="sc-jSMfEi dnQWRT"
    />
  </div>
</DocumentFragment>
`;
