// Jest Snapshot v1, https://goo.gl/fbAQLP

exports[`FloatingTip component testing FloatingTip 1`] = `
<DocumentFragment>
  <div
    class="sc-eCImPb gEZCVL"
  >
    <div
      class="sc-gKclnd frGHeV fade-transition-appear fade-transition-appear-active"
    >
      <div
        class="sc-jRQBWg iRPcoZ"
      />
    </div>
    <div
      class="sc-hKwDye kvypRT"
      style="position: absolute; left: 0px; top: 0px;"
    >
      <div
        class="sc-bdvvtL tDhDe"
      >
        <div
          class="sc-gsDKAQ gpNykI"
        >
          <div>
            hoge
          </div>
        </div>
        <div
          class="sc-dkPtRN bXeSQl"
        >
          <div
            class="sc-iCfMLu bdvlpC"
            size="18"
          >
            <svg
              viewBox="0 0 24 24"
              xmlns="http://www.w3.org/2000/svg"
            >
              <rect
                fill="#041C33"
                height="23.141"
                rx="2.571"
                transform="translate(18.364 2) rotate(45)"
                width="5.142"
              />
              <rect
                fill="#041C33"
                height="23.141"
                rx="2.571"
                transform="translate(2 5.636) rotate(-45)"
                width="5.143"
              />
            </svg>
          </div>
        </div>
      </div>
    </div>
  </div>
</DocumentFragment>
`;
