// Jest Snapshot v1, https://goo.gl/fbAQLP

exports[`Drawer component testing Drawer 1`] = `
<DocumentFragment>
  <div
    class="sc-AxirZ fHhFqk"
  >
    <div
      class="sc-fznKkj hgZXNb"
    >
      hogehoge
    </div>
  </div>
</DocumentFragment>
`;
