// Jest Snapshot v1, https://goo.gl/fbAQLP

exports[`WeekTime component testing WeekTime 1`] = `
<DocumentFragment>
  <div
    class="sc-bczRLJ"
  >
    <div
      class="sc-dkzDqf hGYYRO"
    >
      <div
        class="sc-hKMtZM sc-gKXOVf ijKKtp ftUcXJ"
      />
      <div
        class="sc-hKMtZM sc-jSMfEi ijKKtp hOVgha"
      >
        0
      </div>
      <div
        class="sc-hKMtZM sc-jSMfEi ijKKtp hOVgha"
      >
        1
      </div>
      <div
        class="sc-hKMtZM sc-jSMfEi ijKKtp hOVgha"
      >
        2
      </div>
      <div
        class="sc-hKMtZM sc-jSMfEi ijKKtp hOVgha"
      >
        3
      </div>
      <div
        class="sc-hKMtZM sc-jSMfEi ijKKtp hOVgha"
      >
        4
      </div>
      <div
        class="sc-hKMtZM sc-jSMfEi ijKKtp hOVgha"
      >
        5
      </div>
      <div
        class="sc-hKMtZM sc-jSMfEi ijKKtp hOVgha"
      >
        6
      </div>
      <div
        class="sc-hKMtZM sc-jSMfEi ijKKtp hOVgha"
      >
        7
      </div>
      <div
        class="sc-hKMtZM sc-jSMfEi ijKKtp hOVgha"
      >
        8
      </div>
      <div
        class="sc-hKMtZM sc-jSMfEi ijKKtp hOVgha"
      >
        9
      </div>
      <div
        class="sc-hKMtZM sc-jSMfEi ijKKtp hOVgha"
      >
        10
      </div>
      <div
        class="sc-hKMtZM sc-jSMfEi ijKKtp hOVgha"
      >
        11
      </div>
      <div
        class="sc-hKMtZM sc-jSMfEi ijKKtp hOVgha"
      >
        12
      </div>
      <div
        class="sc-hKMtZM sc-jSMfEi ijKKtp hOVgha"
      >
        13
      </div>
      <div
        class="sc-hKMtZM sc-jSMfEi ijKKtp hOVgha"
      >
        14
      </div>
      <div
        class="sc-hKMtZM sc-jSMfEi ijKKtp hOVgha"
      >
        15
      </div>
      <div
        class="sc-hKMtZM sc-jSMfEi ijKKtp hOVgha"
      >
        16
      </div>
      <div
        class="sc-hKMtZM sc-jSMfEi ijKKtp hOVgha"
      >
        17
      </div>
      <div
        class="sc-hKMtZM sc-jSMfEi ijKKtp hOVgha"
      >
        18
      </div>
      <div
        class="sc-hKMtZM sc-jSMfEi ijKKtp hOVgha"
      >
        19
      </div>
      <div
        class="sc-hKMtZM sc-jSMfEi ijKKtp hOVgha"
      >
        20
      </div>
      <div
        class="sc-hKMtZM sc-jSMfEi ijKKtp hOVgha"
      >
        21
      </div>
      <div
        class="sc-hKMtZM sc-jSMfEi ijKKtp hOVgha"
      >
        22
      </div>
      <div
        class="sc-hKMtZM sc-jSMfEi ijKKtp hOVgha"
      >
        23
      </div>
      <div
        class="sc-hKMtZM sc-eCYdqJ ijKKtp gsFxfl"
      >
        Sun
      </div>
      <span
        class="sc-gsnTZi iQtOmt"
      />
      <span
        class="sc-gsnTZi iQtOmt"
      />
      <span
        class="sc-gsnTZi iQtOmt"
      />
      <span
        class="sc-gsnTZi iQtOmt"
      />
      <span
        class="sc-gsnTZi iQtOmt"
      />
      <span
        class="sc-gsnTZi iQtOmt"
      />
      <span
        class="sc-gsnTZi iQtOmt"
      />
      <span
        class="sc-gsnTZi iQtOmt"
      />
      <span
        class="sc-gsnTZi iQtOmt"
      />
      <span
        class="sc-gsnTZi iQtOmt"
      />
      <span
        class="sc-gsnTZi iQtOmt"
      />
      <span
        class="sc-gsnTZi iQtOmt"
      />
      <span
        class="sc-gsnTZi iQtOmt"
      />
      <span
        class="sc-gsnTZi iQtOmt"
      />
      <span
        class="sc-gsnTZi iQtOmt"
      />
      <span
        class="sc-gsnTZi iQtOmt"
      />
      <span
        class="sc-gsnTZi iQtOmt"
      />
      <span
        class="sc-gsnTZi iQtOmt"
      />
      <span
        class="sc-gsnTZi iQtOmt"
      />
      <span
        class="sc-gsnTZi iQtOmt"
      />
      <span
        class="sc-gsnTZi iQtOmt"
      />
      <span
        class="sc-gsnTZi iQtOmt"
      />
      <span
        class="sc-gsnTZi iQtOmt"
      />
      <span
        class="sc-gsnTZi iQtOmt"
      />
      <div
        class="sc-hKMtZM sc-eCYdqJ ijKKtp gsFxfl"
      >
        Mon
      </div>
      <span
        class="sc-gsnTZi iQtOmt"
      />
      <span
        class="sc-gsnTZi iQtOmt"
      />
      <span
        class="sc-gsnTZi iQtOmt"
      />
      <span
        class="sc-gsnTZi iQtOmt"
      />
      <span
        class="sc-gsnTZi iQtOmt"
      />
      <span
        class="sc-gsnTZi iQtOmt"
      />
      <span
        class="sc-gsnTZi iQtOmt"
      />
      <span
        class="sc-gsnTZi iQtOmt"
      />
      <span
        class="sc-gsnTZi iQtOmt"
      />
      <span
        class="sc-gsnTZi iQtOmt"
      />
      <span
        class="sc-gsnTZi iQtOmt"
      />
      <span
        class="sc-gsnTZi iQtOmt"
      />
      <span
        class="sc-gsnTZi iQtOmt"
      />
      <span
        class="sc-gsnTZi iQtOmt"
      />
      <span
        class="sc-gsnTZi iQtOmt"
      />
      <span
        class="sc-gsnTZi iQtOmt"
      />
      <span
        class="sc-gsnTZi iQtOmt"
      />
      <span
        class="sc-gsnTZi iQtOmt"
      />
      <span
        class="sc-gsnTZi iQtOmt"
      />
      <span
        class="sc-gsnTZi iQtOmt"
      />
      <span
        class="sc-gsnTZi iQtOmt"
      />
      <span
        class="sc-gsnTZi iQtOmt"
      />
      <span
        class="sc-gsnTZi iQtOmt"
      />
      <span
        class="sc-gsnTZi iQtOmt"
      />
      <div
        class="sc-hKMtZM sc-eCYdqJ ijKKtp gsFxfl"
      >
        Tue
      </div>
      <span
        class="sc-gsnTZi iQtOmt"
      />
      <span
        class="sc-gsnTZi iQtOmt"
      />
      <span
        class="sc-gsnTZi iQtOmt"
      />
      <span
        class="sc-gsnTZi iQtOmt"
      />
      <span
        class="sc-gsnTZi iQtOmt"
      />
      <span
        class="sc-gsnTZi iQtOmt"
      />
      <span
        class="sc-gsnTZi iQtOmt"
      />
      <span
        class="sc-gsnTZi iQtOmt"
      />
      <span
        class="sc-gsnTZi iQtOmt"
      />
      <span
        class="sc-gsnTZi iQtOmt"
      />
      <span
        class="sc-gsnTZi iQtOmt"
      />
      <span
        class="sc-gsnTZi iQtOmt"
      />
      <span
        class="sc-gsnTZi iQtOmt"
      />
      <span
        class="sc-gsnTZi iQtOmt"
      />
      <span
        class="sc-gsnTZi iQtOmt"
      />
      <span
        class="sc-gsnTZi iQtOmt"
      />
      <span
        class="sc-gsnTZi iQtOmt"
      />
      <span
        class="sc-gsnTZi iQtOmt"
      />
      <span
        class="sc-gsnTZi iQtOmt"
      />
      <span
        class="sc-gsnTZi iQtOmt"
      />
      <span
        class="sc-gsnTZi iQtOmt"
      />
      <span
        class="sc-gsnTZi iQtOmt"
      />
      <span
        class="sc-gsnTZi iQtOmt"
      />
      <span
        class="sc-gsnTZi iQtOmt"
      />
      <div
        class="sc-hKMtZM sc-eCYdqJ ijKKtp gsFxfl"
      >
        Wed
      </div>
      <span
        class="sc-gsnTZi iQtOmt"
      />
      <span
        class="sc-gsnTZi iQtOmt"
      />
      <span
        class="sc-gsnTZi iQtOmt"
      />
      <span
        class="sc-gsnTZi iQtOmt"
      />
      <span
        class="sc-gsnTZi iQtOmt"
      />
      <span
        class="sc-gsnTZi iQtOmt"
      />
      <span
        class="sc-gsnTZi iQtOmt"
      />
      <span
        class="sc-gsnTZi iQtOmt"
      />
      <span
        class="sc-gsnTZi iQtOmt"
      />
      <span
        class="sc-gsnTZi iQtOmt"
      />
      <span
        class="sc-gsnTZi iQtOmt"
      />
      <span
        class="sc-gsnTZi iQtOmt"
      />
      <span
        class="sc-gsnTZi iQtOmt"
      />
      <span
        class="sc-gsnTZi iQtOmt"
      />
      <span
        class="sc-gsnTZi iQtOmt"
      />
      <span
        class="sc-gsnTZi iQtOmt"
      />
      <span
        class="sc-gsnTZi iQtOmt"
      />
      <span
        class="sc-gsnTZi iQtOmt"
      />
      <span
        class="sc-gsnTZi iQtOmt"
      />
      <span
        class="sc-gsnTZi iQtOmt"
      />
      <span
        class="sc-gsnTZi iQtOmt"
      />
      <span
        class="sc-gsnTZi iQtOmt"
      />
      <span
        class="sc-gsnTZi iQtOmt"
      />
      <span
        class="sc-gsnTZi iQtOmt"
      />
      <div
        class="sc-hKMtZM sc-eCYdqJ ijKKtp gsFxfl"
      >
        Thu
      </div>
      <span
        class="sc-gsnTZi iQtOmt"
      />
      <span
        class="sc-gsnTZi iQtOmt"
      />
      <span
        class="sc-gsnTZi iQtOmt"
      />
      <span
        class="sc-gsnTZi iQtOmt"
      />
      <span
        class="sc-gsnTZi iQtOmt"
      />
      <span
        class="sc-gsnTZi iQtOmt"
      />
      <span
        class="sc-gsnTZi iQtOmt"
      />
      <span
        class="sc-gsnTZi iQtOmt"
      />
      <span
        class="sc-gsnTZi iQtOmt"
      />
      <span
        class="sc-gsnTZi iQtOmt"
      />
      <span
        class="sc-gsnTZi iQtOmt"
      />
      <span
        class="sc-gsnTZi iQtOmt"
      />
      <span
        class="sc-gsnTZi iQtOmt"
      />
      <span
        class="sc-gsnTZi iQtOmt"
      />
      <span
        class="sc-gsnTZi iQtOmt"
      />
      <span
        class="sc-gsnTZi iQtOmt"
      />
      <span
        class="sc-gsnTZi iQtOmt"
      />
      <span
        class="sc-gsnTZi iQtOmt"
      />
      <span
        class="sc-gsnTZi iQtOmt"
      />
      <span
        class="sc-gsnTZi iQtOmt"
      />
      <span
        class="sc-gsnTZi iQtOmt"
      />
      <span
        class="sc-gsnTZi iQtOmt"
      />
      <span
        class="sc-gsnTZi iQtOmt"
      />
      <span
        class="sc-gsnTZi iQtOmt"
      />
      <div
        class="sc-hKMtZM sc-eCYdqJ ijKKtp gsFxfl"
      >
        Fri
      </div>
      <span
        class="sc-gsnTZi iQtOmt"
      />
      <span
        class="sc-gsnTZi iQtOmt"
      />
      <span
        class="sc-gsnTZi iQtOmt"
      />
      <span
        class="sc-gsnTZi iQtOmt"
      />
      <span
        class="sc-gsnTZi iQtOmt"
      />
      <span
        class="sc-gsnTZi iQtOmt"
      />
      <span
        class="sc-gsnTZi iQtOmt"
      />
      <span
        class="sc-gsnTZi iQtOmt"
      />
      <span
        class="sc-gsnTZi iQtOmt"
      />
      <span
        class="sc-gsnTZi iQtOmt"
      />
      <span
        class="sc-gsnTZi iQtOmt"
      />
      <span
        class="sc-gsnTZi iQtOmt"
      />
      <span
        class="sc-gsnTZi iQtOmt"
      />
      <span
        class="sc-gsnTZi iQtOmt"
      />
      <span
        class="sc-gsnTZi iQtOmt"
      />
      <span
        class="sc-gsnTZi iQtOmt"
      />
      <span
        class="sc-gsnTZi iQtOmt"
      />
      <span
        class="sc-gsnTZi iQtOmt"
      />
      <span
        class="sc-gsnTZi iQtOmt"
      />
      <span
        class="sc-gsnTZi iQtOmt"
      />
      <span
        class="sc-gsnTZi iQtOmt"
      />
      <span
        class="sc-gsnTZi iQtOmt"
      />
      <span
        class="sc-gsnTZi iQtOmt"
      />
      <span
        class="sc-gsnTZi iQtOmt"
      />
      <div
        class="sc-hKMtZM sc-eCYdqJ ijKKtp gsFxfl"
      >
        Sat
      </div>
      <span
        class="sc-gsnTZi iQtOmt"
      />
      <span
        class="sc-gsnTZi iQtOmt"
      />
      <span
        class="sc-gsnTZi iQtOmt"
      />
      <span
        class="sc-gsnTZi iQtOmt"
      />
      <span
        class="sc-gsnTZi iQtOmt"
      />
      <span
        class="sc-gsnTZi iQtOmt"
      />
      <span
        class="sc-gsnTZi iQtOmt"
      />
      <span
        class="sc-gsnTZi iQtOmt"
      />
      <span
        class="sc-gsnTZi iQtOmt"
      />
      <span
        class="sc-gsnTZi iQtOmt"
      />
      <span
        class="sc-gsnTZi iQtOmt"
      />
      <span
        class="sc-gsnTZi iQtOmt"
      />
      <span
        class="sc-gsnTZi iQtOmt"
      />
      <span
        class="sc-gsnTZi iQtOmt"
      />
      <span
        class="sc-gsnTZi iQtOmt"
      />
      <span
        class="sc-gsnTZi iQtOmt"
      />
      <span
        class="sc-gsnTZi iQtOmt"
      />
      <span
        class="sc-gsnTZi iQtOmt"
      />
      <span
        class="sc-gsnTZi iQtOmt"
      />
      <span
        class="sc-gsnTZi iQtOmt"
      />
      <span
        class="sc-gsnTZi iQtOmt"
      />
      <span
        class="sc-gsnTZi iQtOmt"
      />
      <span
        class="sc-gsnTZi iQtOmt"
      />
      <span
        class="sc-gsnTZi iQtOmt"
      />
    </div>
  </div>
</DocumentFragment>
`;
