// Jest Snapshot v1, https://goo.gl/fbAQLP

exports[`ConfirmModal component testing ConfirmModal 1`] = `
<DocumentFragment>
  <div
    class="sc-fFeiMQ fJuGfT"
  >
    <div
      class="sc-ieecCq ixODts fade-transition-appear fade-transition-appear-active"
    >
      <div
        class="sc-bkkeKt fEwjBL"
      />
    </div>
    <div
      class="sc-ieecCq ixODts fade-transition-appear fade-transition-appear-active"
    >
      <div
        class="sc-gsDKAQ sc-hKwDye gmmrAP cnIyXF"
      >
        <form>
          <div
            class="sc-eCImPb hMUlJt"
          >
            <div
              class="sc-jRQBWg gNzDsc"
            >
              <p
                class="sc-iqseJM bkdyck"
                color="#041C33"
                font-size="20px"
              >
                Title
              </p>
              <div
                class="sc-egiyK haNrTA"
              />
            </div>
            <div
              class="sc-furwcr enHelU"
            >
              <div
                class="sc-crHmcD hehbzV"
                size="24"
              >
                <svg
                  viewBox="0 0 24 24"
                  xmlns="http://www.w3.org/2000/svg"
                >
                  <rect
                    fill="#041C33"
                    height="23.141"
                    rx="2.571"
                    transform="translate(18.364 2) rotate(45)"
                    width="5.142"
                  />
                  <rect
                    fill="#041C33"
                    height="23.141"
                    rx="2.571"
                    transform="translate(2 5.636) rotate(-45)"
                    width="5.143"
                  />
                </svg>
              </div>
            </div>
          </div>
          <div
            class="sc-gKclnd dmgRET"
          >
            <div
              class="sc-egiyK eHvOtZ"
            />
          </div>
        </form>
      </div>
    </div>
  </div>
</DocumentFragment>
`;
