// Jest Snapshot v1, https://goo.gl/fbAQLP

exports[`Modal component testing Modal with background 1`] = `
<DocumentFragment>
  <div
    class="sc-bdvvtL cttKBd"
  >
    <div
      class="sc-dkPtRN jMueqr fade-transition-appear fade-transition-appear-active"
    >
      <div
        class="sc-gsDKAQ dLmdEA"
      />
    </div>
    <div>
      hoge
    </div>
  </div>
</DocumentFragment>
`;

exports[`Modal component testing Modal without background 1`] = `
<DocumentFragment>
  <div
    class="sc-bdvvtL cttKBd"
  >
    <div
      class="sc-dkPtRN jMueqr fade-transition-appear fade-transition-appear-active"
    >
      <div
        class="sc-gsDKAQ dLmdEA"
      />
    </div>
    <div>
      hoge
    </div>
  </div>
</DocumentFragment>
`;
