// Jest Snapshot v1, https://goo.gl/fbAQLP

exports[`Pager component testing Pager 1`] = `
<DocumentFragment>
  <div
    class="sc-jRQBWg dEAIxE"
    display="flex"
  >
    <button
      class="sc-dkPtRN ikClgn"
      disabled=""
      type="button"
    >
      <div
        class="sc-hKwDye cPkzPO"
        size="18"
      >
        <svg
          transform="rotate(90)"
          viewBox="0 0 24 24"
          xmlns="http://www.w3.org/2000/svg"
        >
          <path
            d="M0,0H24V24H0Z"
            fill="none"
          />
          <path
            d="M13.414,16.886,7.757,11.228,9.644,9.343l3.771,3.772,3.771-3.772,1.887,1.885Z"
            fill="#B3BAC1"
            transform="translate(-1.414 -1.114)"
          />
        </svg>
      </div>
    </button>
    <button
      class="sc-bdvvtL bWclDf"
      disabled=""
      type="button"
    >
      <span
        class="sc-gsDKAQ eaLEXZ"
        color="#FFFFFF"
        font-size="12px"
      >
        1
      </span>
    </button>
    <button
      class="sc-bdvvtL dUUjWf"
      type="button"
    >
      <span
        class="sc-gsDKAQ iDsTVX"
        color="#0B82F4"
        font-size="12px"
      >
        2
      </span>
    </button>
    <button
      class="sc-bdvvtL dUUjWf"
      type="button"
    >
      <span
        class="sc-gsDKAQ iDsTVX"
        color="#0B82F4"
        font-size="12px"
      >
        3
      </span>
    </button>
    <button
      class="sc-bdvvtL dUUjWf"
      type="button"
    >
      <span
        class="sc-gsDKAQ iDsTVX"
        color="#0B82F4"
        font-size="12px"
      >
        4
      </span>
    </button>
    <button
      class="sc-bdvvtL dUUjWf"
      type="button"
    >
      <span
        class="sc-gsDKAQ iDsTVX"
        color="#0B82F4"
        font-size="12px"
      >
        5
      </span>
    </button>
    <div
      class="sc-eCImPb bUSdLm"
    >
      ...
    </div>
    <button
      class="sc-bdvvtL dUUjWf"
      type="button"
    >
      <span
        class="sc-gsDKAQ iDsTVX"
        color="#0B82F4"
        font-size="12px"
      >
        10
      </span>
    </button>
    <button
      class="sc-dkPtRN dRYOeP"
      type="button"
    >
      <div
        class="sc-hKwDye cPkzPO"
        size="18"
      >
        <svg
          transform="rotate(-90)"
          viewBox="0 0 24 24"
          xmlns="http://www.w3.org/2000/svg"
        >
          <path
            d="M0,0H24V24H0Z"
            fill="none"
          />
          <path
            d="M13.414,16.886,7.757,11.228,9.644,9.343l3.771,3.772,3.771-3.772,1.887,1.885Z"
            fill="#0B82F4"
            transform="translate(-1.414 -1.114)"
          />
        </svg>
      </div>
    </button>
  </div>
</DocumentFragment>
`;
