// Jest Snapshot v1, https://goo.gl/fbAQLP

exports[`Checkbox component testing Checkbox 1`] = `
<DocumentFragment>
  <label
    class="sc-gsDKAQ eDBaTH"
  >
    <input
      class="sc-bdvvtL lbDrac"
      readonly=""
      type="checkbox"
    />
    <span
      class="sc-dkPtRN jHrIXp"
    />
  </label>
</DocumentFragment>
`;
