// Jest Snapshot v1, https://goo.gl/fbAQLP

exports[`Backdrop component testing Backdrop 1`] = `
<DocumentFragment>
  <div
    class="sc-gsDKAQ fFBudr fade-transition-appear fade-transition-appear-active"
  >
    <div
      class="sc-bdvvtL cQENSx"
    />
  </div>
</DocumentFragment>
`;
