// Jest Snapshot v1, https://goo.gl/fbAQLP

exports[`Card component testing Card 1`] = `
<DocumentFragment>
  <div
    class="sc-gsDKAQ fvfjgw"
  />
</DocumentFragment>
`;
